// Jest Snapshot v1, https://goo.gl/fbAQLP

exports[`TypeScript with React Testing Library Renders correctly 1`] = `
<div>
  Hello
</div>
`;
